[0.000000] (-) TimerEvent: {}
[0.000916] (delta_lidar) JobQueued: {'identifier': 'delta_lidar', 'dependencies': OrderedDict()}
[0.000963] (delta_lidar) JobStarted: {'identifier': 'delta_lidar'}
[0.010641] (delta_lidar) JobProgress: {'identifier': 'delta_lidar', 'progress': 'cmake'}
[0.012499] (delta_lidar) Command: {'cmd': ['/usr/bin/cmake', '/home/incubus/mars_ros2/src/Delta_2A_ros', '-DCMAKE_INSTALL_PREFIX=/home/incubus/mars_ros2/install/delta_lidar'], 'cwd': '/home/incubus/mars_ros2/build/delta_lidar', 'env': OrderedDict([('LESSOPEN', '| /usr/bin/lesspipe %s'), ('USER', 'incubus'), ('LC_TIME', 'ru_RU.UTF-8'), ('SSH_AGENT_PID', '1759'), ('XDG_SESSION_TYPE', 'x11'), ('SHLVL', '1'), ('LD_LIBRARY_PATH', '/opt/ros/foxy/opt/yaml_cpp_vendor/lib:/opt/ros/foxy/opt/rviz_ogre_vendor/lib:/opt/ros/foxy/lib/x86_64-linux-gnu:/opt/ros/foxy/lib'), ('HOME', '/home/incubus'), ('OLDPWD', '/home/incubus/mars_ros2/src'), ('DESKTOP_SESSION', 'ubuntu'), ('ROS_PYTHON_VERSION', '3'), ('GNOME_SHELL_SESSION_MODE', 'ubuntu'), ('GTK_MODULES', 'gail:atk-bridge'), ('LC_MONETARY', 'ru_RU.UTF-8'), ('MANAGERPID', '1580'), ('DBUS_SESSION_BUS_ADDRESS', 'unix:path=/run/user/1000/bus'), ('COLORTERM', 'truecolor'), ('MANDATORY_PATH', '/usr/share/gconf/ubuntu.mandatory.path'), ('IM_CONFIG_PHASE', '1'), ('ROS_DISTRO', 'foxy'), ('LOGNAME', 'incubus'), ('JOURNAL_STREAM', '8:50234'), ('_', '/usr/bin/colcon'), ('ROS_VERSION', '2'), ('XDG_SESSION_CLASS', 'user'), ('DEFAULTS_PATH', '/usr/share/gconf/ubuntu.default.path'), ('USERNAME', 'incubus'), ('TERM', 'xterm-256color'), ('GNOME_DESKTOP_SESSION_ID', 'this-is-deprecated'), ('ROS_LOCALHOST_ONLY', '0'), ('WINDOWPATH', '2'), ('PATH', '/opt/ros/foxy/bin:/home/incubus/.local/bin:/usr/local/sbin:/usr/local/bin:/usr/sbin:/usr/bin:/sbin:/bin:/usr/games:/usr/local/games:/snap/bin'), ('SESSION_MANAGER', 'local/ank:@/tmp/.ICE-unix/1797,unix/ank:/tmp/.ICE-unix/1797'), ('INVOCATION_ID', 'b3f7c3e21cec4b1c9939d30ca4278561'), ('XDG_MENU_PREFIX', 'gnome-'), ('LC_ADDRESS', 'ru_RU.UTF-8'), ('GNOME_TERMINAL_SCREEN', '/org/gnome/Terminal/screen/7a916e58_8141_4355_958d_a794b7eb6cb6'), ('XDG_RUNTIME_DIR', '/run/user/1000'), ('DISPLAY', ':0'), ('LANG', 'en_US.UTF-8'), ('XDG_CURRENT_DESKTOP', 'ubuntu:GNOME'), ('LC_TELEPHONE', 'ru_RU.UTF-8'), ('XMODIFIERS', '@im=ibus'), ('XDG_SESSION_DESKTOP', 'ubuntu'), ('XAUTHORITY', '/run/user/1000/gdm/Xauthority'), ('LS_COLORS', 'rs=0:di=01;34:ln=01;36:mh=00:pi=40;33:so=01;35:do=01;35:bd=40;33;01:cd=40;33;01:or=40;31;01:mi=00:su=37;41:sg=30;43:ca=30;41:tw=30;42:ow=34;42:st=37;44:ex=01;32:*.tar=01;31:*.tgz=01;31:*.arc=01;31:*.arj=01;31:*.taz=01;31:*.lha=01;31:*.lz4=01;31:*.lzh=01;31:*.lzma=01;31:*.tlz=01;31:*.txz=01;31:*.tzo=01;31:*.t7z=01;31:*.zip=01;31:*.z=01;31:*.dz=01;31:*.gz=01;31:*.lrz=01;31:*.lz=01;31:*.lzo=01;31:*.xz=01;31:*.zst=01;31:*.tzst=01;31:*.bz2=01;31:*.bz=01;31:*.tbz=01;31:*.tbz2=01;31:*.tz=01;31:*.deb=01;31:*.rpm=01;31:*.jar=01;31:*.war=01;31:*.ear=01;31:*.sar=01;31:*.rar=01;31:*.alz=01;31:*.ace=01;31:*.zoo=01;31:*.cpio=01;31:*.7z=01;31:*.rz=01;31:*.cab=01;31:*.wim=01;31:*.swm=01;31:*.dwm=01;31:*.esd=01;31:*.jpg=01;35:*.jpeg=01;35:*.mjpg=01;35:*.mjpeg=01;35:*.gif=01;35:*.bmp=01;35:*.pbm=01;35:*.pgm=01;35:*.ppm=01;35:*.tga=01;35:*.xbm=01;35:*.xpm=01;35:*.tif=01;35:*.tiff=01;35:*.png=01;35:*.svg=01;35:*.svgz=01;35:*.mng=01;35:*.pcx=01;35:*.mov=01;35:*.mpg=01;35:*.mpeg=01;35:*.m2v=01;35:*.mkv=01;35:*.webm=01;35:*.ogm=01;35:*.mp4=01;35:*.m4v=01;35:*.mp4v=01;35:*.vob=01;35:*.qt=01;35:*.nuv=01;35:*.wmv=01;35:*.asf=01;35:*.rm=01;35:*.rmvb=01;35:*.flc=01;35:*.avi=01;35:*.fli=01;35:*.flv=01;35:*.gl=01;35:*.dl=01;35:*.xcf=01;35:*.xwd=01;35:*.yuv=01;35:*.cgm=01;35:*.emf=01;35:*.ogv=01;35:*.ogx=01;35:*.aac=00;36:*.au=00;36:*.flac=00;36:*.m4a=00;36:*.mid=00;36:*.midi=00;36:*.mka=00;36:*.mp3=00;36:*.mpc=00;36:*.ogg=00;36:*.ra=00;36:*.wav=00;36:*.oga=00;36:*.opus=00;36:*.spx=00;36:*.xspf=00;36:'), ('GNOME_TERMINAL_SERVICE', ':1.584'), ('SSH_AUTH_SOCK', '/run/user/1000/keyring/ssh'), ('AMENT_PREFIX_PATH', '/opt/ros/foxy'), ('SHELL', '/bin/bash'), ('LC_NAME', 'ru_RU.UTF-8'), ('QT_ACCESSIBILITY', '1'), ('GDMSESSION', 'ubuntu'), ('LESSCLOSE', '/usr/bin/lesspipe %s %s'), ('LC_MEASUREMENT', 'ru_RU.UTF-8'), ('GPG_AGENT_INFO', '/run/user/1000/gnupg/S.gpg-agent:0:1'), ('LC_IDENTIFICATION', 'ru_RU.UTF-8'), ('QT_IM_MODULE', 'ibus'), ('PWD', '/home/incubus/mars_ros2/build/delta_lidar'), ('XDG_CONFIG_DIRS', '/etc/xdg/xdg-ubuntu:/etc/xdg'), ('XDG_DATA_DIRS', '/usr/share/ubuntu:/usr/local/share/:/usr/share/:/var/lib/snapd/desktop'), ('PYTHONPATH', '/opt/ros/foxy/lib/python3.8/site-packages'), ('LC_NUMERIC', 'ru_RU.UTF-8'), ('LC_PAPER', 'ru_RU.UTF-8'), ('COLCON', '1'), ('VTE_VERSION', '6003')]), 'shell': False}
[0.029197] (delta_lidar) StdoutLine: {'line': b'-- Found ament_cmake: 0.9.9 (/opt/ros/foxy/share/ament_cmake/cmake)\n'}
[0.051285] (delta_lidar) StdoutLine: {'line': b'-- Using PYTHON_EXECUTABLE: /usr/bin/python3\n'}
[0.099990] (-) TimerEvent: {}
[0.200359] (-) TimerEvent: {}
[0.245551] (delta_lidar) StdoutLine: {'line': b'-- Found rclcpp: 2.4.1 (/opt/ros/foxy/share/rclcpp/cmake)\n'}
[0.285104] (delta_lidar) StdoutLine: {'line': b'-- Using all available rosidl_typesupport_c: rosidl_typesupport_fastrtps_c;rosidl_typesupport_introspection_c\n'}
[0.290897] (delta_lidar) StdoutLine: {'line': b'-- Found rosidl_adapter: 1.2.1 (/opt/ros/foxy/share/rosidl_adapter/cmake)\n'}
[0.300459] (-) TimerEvent: {}
[0.367329] (delta_lidar) StdoutLine: {'line': b'-- Found OpenSSL: /usr/lib/x86_64-linux-gnu/libcrypto.so (found version "1.1.1f")  \n'}
[0.396036] (delta_lidar) StdoutLine: {'line': b'-- Found FastRTPS: /opt/ros/foxy/include  \n'}
[0.400527] (-) TimerEvent: {}
[0.473843] (delta_lidar) StdoutLine: {'line': b'-- Using all available rosidl_typesupport_cpp: rosidl_typesupport_fastrtps_cpp;rosidl_typesupport_introspection_cpp\n'}
[0.500666] (-) TimerEvent: {}
[0.530535] (delta_lidar) StdoutLine: {'line': b'-- Found rmw_implementation_cmake: 1.0.3 (/opt/ros/foxy/share/rmw_implementation_cmake/cmake)\n'}
[0.531896] (delta_lidar) StdoutLine: {'line': b"-- Using RMW implementation 'rmw_fastrtps_cpp' as default\n"}
[0.532752] (delta_lidar) StdoutLine: {'line': b'-- Looking for pthread.h\n'}
[0.600766] (-) TimerEvent: {}
[0.603229] (delta_lidar) StdoutLine: {'line': b'-- Looking for pthread.h - found\n'}
[0.603476] (delta_lidar) StdoutLine: {'line': b'-- Performing Test CMAKE_HAVE_LIBC_PTHREAD\n'}
[0.676176] (delta_lidar) StdoutLine: {'line': b'-- Performing Test CMAKE_HAVE_LIBC_PTHREAD - Failed\n'}
[0.676460] (delta_lidar) StdoutLine: {'line': b'-- Looking for pthread_create in pthreads\n'}
[0.700909] (-) TimerEvent: {}
[0.733718] (delta_lidar) StdoutLine: {'line': b'-- Looking for pthread_create in pthreads - not found\n'}
[0.733976] (delta_lidar) StdoutLine: {'line': b'-- Looking for pthread_create in pthread\n'}
[0.801038] (-) TimerEvent: {}
[0.802914] (delta_lidar) StdoutLine: {'line': b'-- Looking for pthread_create in pthread - found\n'}
[0.804051] (delta_lidar) StdoutLine: {'line': b'-- Found Threads: TRUE  \n'}
[0.901146] (-) TimerEvent: {}
[0.958113] (delta_lidar) StdoutLine: {'line': b'-- Found sensor_msgs: 2.0.5 (/opt/ros/foxy/share/sensor_msgs/cmake)\n'}
[1.001239] (-) TimerEvent: {}
[1.078908] (delta_lidar) StderrLine: {'line': b'CMake Error at CMakeLists.txt:43 (install):\n'}
[1.079096] (delta_lidar) StderrLine: {'line': b'  install TARGETS given target "elta_lidar_node" which does not exist.\n'}
[1.079166] (delta_lidar) StderrLine: {'line': b'\n'}
[1.079226] (delta_lidar) StderrLine: {'line': b'\n'}
[1.079917] (delta_lidar) StdoutLine: {'line': b'-- Found ament_lint_auto: 0.9.6 (/opt/ros/foxy/share/ament_lint_auto/cmake)\n'}
[1.101338] (-) TimerEvent: {}
[1.127343] (delta_lidar) StderrLine: {'line': b"Error parsing '/home/incubus/mars_ros2/src/Delta_2A_ros/package.xml':\n"}
[1.201473] (-) TimerEvent: {}
[1.253807] (delta_lidar) StderrLine: {'line': b'Traceback (most recent call last):\n'}
[1.253986] (delta_lidar) StderrLine: {'line': b'  File "/usr/lib/python3/dist-packages/catkin_pkg/package.py", line 610, in parse_package_string\n'}
[1.254060] (delta_lidar) StderrLine: {'line': b'    root = dom.parseString(data)\n'}
[1.254122] (delta_lidar) StderrLine: {'line': b'  File "/usr/lib/python3.8/xml/dom/minidom.py", line 1969, in parseString\n'}
[1.254199] (delta_lidar) StderrLine: {'line': b'    return expatbuilder.parseString(string)\n'}
[1.254257] (delta_lidar) StderrLine: {'line': b'  File "/usr/lib/python3.8/xml/dom/expatbuilder.py", line 925, in parseString\n'}
[1.254314] (delta_lidar) StderrLine: {'line': b'    return builder.parseString(string)\n'}
[1.254371] (delta_lidar) StderrLine: {'line': b'  File "/usr/lib/python3.8/xml/dom/expatbuilder.py", line 223, in parseString\n'}
[1.254428] (delta_lidar) StderrLine: {'line': b'    parser.Parse(string, True)\n'}
[1.254484] (delta_lidar) StderrLine: {'line': b'xml.parsers.expat.ExpatError: XML or text declaration not at start of entity: line 2, column 0\n'}
[1.254542] (delta_lidar) StderrLine: {'line': b'\n'}
[1.254598] (delta_lidar) StderrLine: {'line': b'During handling of the above exception, another exception occurred:\n'}
[1.254655] (delta_lidar) StderrLine: {'line': b'\n'}
[1.254711] (delta_lidar) StderrLine: {'line': b'Traceback (most recent call last):\n'}
[1.254767] (delta_lidar) StderrLine: {'line': b'  File "/opt/ros/foxy/share/ament_cmake_core/cmake/core/package_xml_2_cmake.py", line 143, in <module>\n'}
[1.254823] (delta_lidar) StderrLine: {'line': b'    main()\n'}
[1.254879] (delta_lidar) StderrLine: {'line': b'  File "/opt/ros/foxy/share/ament_cmake_core/cmake/core/package_xml_2_cmake.py", line 52, in main\n'}
[1.254936] (delta_lidar) StderrLine: {'line': b'    raise e\n'}
[1.254993] (delta_lidar) StderrLine: {'line': b'  File "/opt/ros/foxy/share/ament_cmake_core/cmake/core/package_xml_2_cmake.py", line 48, in main\n'}
[1.255079] (delta_lidar) StderrLine: {'line': b'    package = parse_package_string(\n'}
[1.255181] (delta_lidar) StderrLine: {'line': b'  File "/usr/lib/python3/dist-packages/catkin_pkg/package.py", line 612, in parse_package_string\n'}
[1.255242] (delta_lidar) StderrLine: {'line': b"    raise InvalidPackage('The manifest contains invalid XML:\\n%s' % ex, filename)\n"}
[1.255338] (delta_lidar) StderrLine: {'line': b"catkin_pkg.package.InvalidPackage: Error(s) in package '/home/incubus/mars_ros2/src/Delta_2A_ros/package.xml':\n"}
[1.255396] (delta_lidar) StderrLine: {'line': b'The manifest contains invalid XML:\n'}
[1.255453] (delta_lidar) StderrLine: {'line': b'XML or text declaration not at start of entity: line 2, column 0\n'}
[1.276443] (delta_lidar) StderrLine: {'line': b'CMake Error at /opt/ros/foxy/share/ament_cmake_core/cmake/core/ament_package_xml.cmake:94 (message):\n'}
[1.276661] (delta_lidar) StderrLine: {'line': b'  execute_process(/usr/bin/python3\n'}
[1.276781] (delta_lidar) StderrLine: {'line': b'  /opt/ros/foxy/share/ament_cmake_core/cmake/core/package_xml_2_cmake.py\n'}
[1.276895] (delta_lidar) StderrLine: {'line': b'  /home/incubus/mars_ros2/src/Delta_2A_ros/package.xml\n'}
[1.277009] (delta_lidar) StderrLine: {'line': b'  /home/incubus/mars_ros2/build/delta_lidar/ament_cmake_core/package.cmake)\n'}
[1.277117] (delta_lidar) StderrLine: {'line': b'  returned error code 1\n'}
[1.277221] (delta_lidar) StderrLine: {'line': b'Call Stack (most recent call first):\n'}
[1.277323] (delta_lidar) StderrLine: {'line': b'  /opt/ros/foxy/share/ament_cmake_core/cmake/core/ament_package_xml.cmake:49 (_ament_package_xml)\n'}
[1.277439] (delta_lidar) StderrLine: {'line': b'  /opt/ros/foxy/share/ament_lint_auto/cmake/ament_lint_auto_find_test_dependencies.cmake:31 (ament_package_xml)\n'}
[1.277543] (delta_lidar) StderrLine: {'line': b'  CMakeLists.txt:52 (ament_lint_auto_find_test_dependencies)\n'}
[1.277655] (delta_lidar) StderrLine: {'line': b'\n'}
[1.277756] (delta_lidar) StderrLine: {'line': b'\n'}
[1.278811] (delta_lidar) StdoutLine: {'line': b'-- Configuring incomplete, errors occurred!\n'}
[1.278924] (delta_lidar) StdoutLine: {'line': b'See also "/home/incubus/mars_ros2/build/delta_lidar/CMakeFiles/CMakeOutput.log".\n'}
[1.278995] (delta_lidar) StdoutLine: {'line': b'See also "/home/incubus/mars_ros2/build/delta_lidar/CMakeFiles/CMakeError.log".\n'}
[1.285236] (delta_lidar) CommandEnded: {'returncode': 1}
[1.286017] (delta_lidar) JobEnded: {'identifier': 'delta_lidar', 'rc': 1}
[1.298155] (-) EventReactorShutdown: {}
